PS C:\Users\rusu0\OneDrive\デスクトップ\kadai> cd git_challenge
PS C:\Users\rusu0\OneDrive\デスクトップ\kadai\git_challenge> cd hello_world.txt
cd : パス 'hello_world.txt' が存在しないため検出できません。
発生場所 行:1 文字:1
+ cd hello_world.txt
+ ~~~~~~~~~~~~~~~~~~
    + CategoryInfo          : ObjectNotFound: (hello_world.txt:String  
   ) [Set-Location], ItemNotFoundException
    + FullyQualifiedErrorId : PathNotFound,Microsoft.PowerShell.Comma  
トップ/kadai/git_challenge/.git/
PS C:\Users\rusu0\OneDrive\デスクトップ\kadai\git_challenge>

トップ/kadai/git_challenge/.git/
PS C:\Users\rusu0\OneDrive\デスクトップ\kadai\git_challenge>


                                                             git add sample.txt
fatal: pathspec 'sample.txt' did not match any files
PS C:\Users\rusu0\OneDrive\デスクトップ\kadai\git_challenge> git commit -m "ここにコミットメッセージを入力"
On branch main

Initial commit

Untracked files:
  (use "git add <file>..." to include in what will be committed)       
        hello_world.txt

nothing added to commit but untracked files present (use "git add" to track)
PS C:\Users\rusu0\OneDrive\デスクトップ\kadai\git_challenge> git add hello_world.txt
PS C:\Users\rusu0\OneDrive\デスクトップ\kadai\git_challenge> git add hello_world.txt
PS C:\Users\rusu0\OneDrive\デスクトップ\kadai\git_challenge> git commit -m "ここにコミットメッセージを入力"
[main (root-commit) feeaeb4] ここにコミットメッセージを入力
 1 file changed, 1 insertion(+)
 create mode 100644 hello_world.txt
PS C:\Users\rusu0\OneDrive\デスクトップ\kadai\git_challenge>


























                                                           > git commit -m "2回目"                         
On branch main
Changes not staged for commit:
  (use "git add <file>..." to update what will be committed)
  (use "git restore <file>..." to discard changes in working directory)
        modified:   hello_world.txt

no changes added to commit (use "git add" and/or "git commit -a")
PS C:\Users\rusu0\OneDrive\デスクトップ\kadai\git_challenge> git add hello_world.txt
PS C:\Users\rusu0\OneDrive\デスクトップ\kadai\git_challenge> git commit -m "ここにコミットメッセージを入力"
[main dcbf964] ここにコミットメッセージを入力
 1 file changed, 2 insertions(+), 1 deletion(-)
PS C:\Users\rusu0\OneDrive\デスクトップ\kadai\git_challenge>






































                                                             git log
commit dcbf96458c88796b1c63eac7f95a3f468fab29a0 (HEAD -> main)
Author: neon-zz <rusu036122@gmail.com>
Date:   Fri Mar 21 16:46:15 2025 +0900

    ここにコミットメッセージを入力

commit feeaeb4321ae3c3b34d942cc0f2ae6cc1af88e85
Author: neon-zz <rusu036122@gmail.com>
Date:   Fri Mar 21 16:44:15 2025 +0900

    ここにコミットメッセージを入力
PS C:\Users\rusu0\OneDrive\デスクトップ\kadai\git_challenge>






































                                                             git log --oneline
dcbf964 (HEAD -> main) ここにコミットメッセージを入力
feeaeb4 ここにコミットメッセージを入力
PS C:\Users\rusu0\OneDrive\デスクトップ\kadai\git_challenge>
PS C:\Users\rusu0\OneDrive\デスクトップ\kadai\git_challenge>






































                                                             git log --oneline
dcbf964 (HEAD -> main) ここにコミットメッセージを入力
feeaeb4 ここにコミットメッセージを入力
PS C:\Users\rusu0\OneDrive\デスクトップ\kadai\git_challenge>






































                                                             git init
Reinitialized existing Git repository in C:/Users/rusu0/OneDrive/デスクトップ/kadai/git_challenge/.git/
PS C:\Users\rusu0\OneDrive\デスクトップ\kadai\git_challenge> git add
Nothing specified, nothing added.
hint: Maybe you wanted to say 'git add .'?
hint: Disable this message with "git config set advice.addEmptyPathspec false"
PS C:\Users\rusu0\OneDrive\デスクトップ\kadai\git_challenge> git config set advice.addEmptyPathspec false 
PS C:\Users\rusu0\OneDrive\デスクトップ\kadai\git_challenge> git add
Nothing specified, nothing added.
PS C:\Users\rusu0\OneDrive\デスクトップ\kadai\git_challenge>






































                                                           > git commit -m "1"        
On branch main
Changes not staged for commit:
  (use "git add <file>..." to update what will be committed)
  (use "git restore <file>..." to discard changes in working directory)
        modified:   hello_world.txt

no changes added to commit (use "git add" and/or "git commit -a")      
PS C:\Users\rusu0\OneDrive\デスクトップ\kadai\git_challenge> git add hello_world.txt
PS C:\Users\rusu0\OneDrive\デスクトップ\kadai\git_challenge> git commit
 -m "1"
[main 27736f9] 1
 1 file changed, 1 insertion(+), 2 deletions(-)
PS C:\Users\rusu0\OneDrive\デスクトップ\kadai\git_challenge>






































                                                             git commit
 -m "ここにコミットメッセージを入力"
On branch main
Changes not staged for commit:
  (use "git add <file>..." to update what will be committed)
  (use "git restore <file>..." to discard changes in working directory)
        modified:   hello_world.txt

no changes added to commit (use "git add" and/or "git commit -a")      
PS C:\Users\rusu0\OneDrive\デスクトップ\kadai\git_challenge> git add hello_world.txt
PS C:\Users\rusu0\OneDrive\デスクトップ\kadai\git_challenge> git commit
 -m "ここにコミットメッセージを入力"
[main c7713f1] ここにコミットメッセージを入力
 1 file changed, 2 insertions(+), 1 deletion(-)
PS C:\Users\rusu0\OneDrive\デスクトップ\kadai\git_challenge> git log --oneline
c7713f1 (HEAD -> main) ここにコミットメッセージを入力
27736f9 1
dcbf964 ここにコミットメッセージを入力
feeaeb4 ここにコミットメッセージを入力
PS C:\Users\rusu0\OneDrive\デスクトップ\kadai\git_challenge>