PS C:\Users\rusu0\OneDrive\デスクトップ\kadai_773> mkdir git_challenge


    ディレクトリ: C:\Users\rusu0\OneDrive\デスクトップ
    \kadai_773


Mode                 LastWriteTime         Length Name
----                 -------------         ------ ----
d-----        2025/03/24      8:02                git_
                                                  chal
                                                  leng
                                                  e   


PS C:\Users\rusu0\OneDrive\デスクトップ\kadai_773> cd git_challenge
PS C:\Users\rusu0\OneDrive\デスクトップ\kadai_773\git_challenge> git init
Initialized empty Git repository in C:/Users/rusu0/OneDrive/デスクトップ/kadai_773/git_challenge/.git/
PS C:\Users\rusu0\OneDrive\デスクトップ\kadai_773\git_challenge> git add sample.txt
fatal: pathspec 'sample.txt' did not match any files
PS C:\Users\rusu0\OneDrive\デスクトップ\kadai_773\git_challenge> touch hello_world.txt
touch : 用語 'touch' は、コマンドレット、関数、スクリ
プト ファイル、または操作可能なプログラムの名前として
認識されません。名前が正しく記述されていることを確認し
、パスが含まれている場合はそのパスが正しいことを確認し
てから、再試行してください。
発生場所 行:1 文字:1
+ touch hello_world.txt
+ ~~~~~
    + CategoryInfo          : ObjectNotFound: (touch: 
   String) [], CommandNotFoundException
    + FullyQualifiedErrorId : CommandNotFoundExceptio 
   n
 
PS C:\Users\rusu0\OneDrive\デスクトップ\kadai_773\git_challenge> New-Item hello_world.txt


    ディレクトリ: C:\Users\rusu0\OneDrive\デスクトップ 
    \kadai_773\git_challenge


Mode                 LastWriteTime         Length Name 
----                 -------------         ------ ---- 
-a----        2025/03/24      8:25              0 hell 
                                                  o_wo 
                                                  rld. 
                                                  txt  


PS C:\Users\rusu0\OneDrive\デスクトップ\kadai_773\git_challenge> git add sample.txt
fatal: pathspec 'sample.txt' did not match any files
PS C:\Users\rusu0\OneDrive\デスクトップ\kadai_773\git_challenge> git add hello_world.txt
PS C:\Us> git commit -m "1回目"                        
[main (root-commit) f435bbf] 1回目
 1 file changed, 1 insertion(+)
 create mode 100644 hello_world.txt
PS C:\Users\rusu0\OneDrive\デスクトップ\kadai_773\git_challenge> git commit -m "2回目"                        
On branch main
Changes not staged for commit:
  (use "git add <file>..." to update what will be committed)
  (use "git restore <file>..." to discard changes in working directory)
        modified:   hello_world.txt

no changes added to commit (use "git add" and/or "git commit -a")
PS C:\Users\rusu0\OneDrive\デスクトップ\kadai_773\git_challenge> git add hello_world.txt
PS C:\Users\rusu0\OneDrive\デスクトップ\kadai_773\git_challenge> git add sample.txt
fatal: pathspec 'sample.txt' did not match any files
PS C:\Users\rusu0\OneDrive\デスクトップ\kadai_773\git_challenge> git commit -m "ここにコミットメッセージを入力"
[main de55945] ここにコミットメッセージを入力
 1 file changed, 2 insertions(+), 1 deletion(-)
PS C:\Users\rusu0\OneDrive\デスクトップ\kadai_773\git_challenge> git log --oneline
de55945 (HEAD -> main) ここにコミットメッセージを入力
f435bbf 1回目
PS C:\Users\rusu0\OneDrive\デスクトップ\kadai_773\git_challenge>